[davisawning.com/index.html]
[backblue.gif]
[fade.gif]
[index.html]
[cdn.davisawning.com/assets/favicon.png]
[cdn.davisawning.com/assets/leader.jpg]
[cdn.davisawning.com/assets/davis-icon.jpg]
[cdn.davisawning.com/assets/bg-quality.jpg]
[cdn.davisawning.com/assets/davis-logo.png]
[cdn.davisawning.com/home/billboard-251017.jpg]
[davisawning.com/project/index.html]
[cdn.davisawning.com/home/billboard-retractable-roof.jpg]
[davisawning.com/video/index.html]
[davisawning.com/catalog/index.html]
[davisawning.com/about/index.html]
[davisawning.com/contact/index.html]
[cdn.davisawning.com/home/billboard-aluminum-bioclimate-pergola.jpg]
[cdn.davisawning.com/home/billboard-about.jpg]
[davisawning.com/aluminum-bioclimate-pergola/index.html]
[davisawning.com/retractable-roof/index.html]
[cdn.davisawning.com/home/billboard-partners.jpg]
[cdn.davisawning.com/home/billboard-251017-small.jpg]
[cdn.davisawning.com/home/billboard-retractable-roof-small.jpg]
[cdn.davisawning.com/home/billboard-aluminum-bioclimate-pergola-small.jpg]
[cdn.davisawning.com/home/billboard-about-small.jpg]
[cdn.davisawning.com/home/billboard-partners-small.jpg]
[cdn.davisawning.com/home/full-cassette-awning.png]
[davisawning.com/full-cassette-awning/index.html]
[cdn.davisawning.com/home/retractable-roof.png]
[cdn.davisawning.com/home/bioclimate-pergola.png]
[cdn.davisawning.com/home/zip-screen.png]
[davisawning.com/bioclimate-pergola/index.html]
[cdn.davisawning.com/home/window-awning.png]
[davisawning.com/window-awning/index.html]
[davisawning.com/zip-screen/index.html]
[cdn.davisawning.com/home/original-awning.png]
[davisawning.com/original-awning/index.html]
[cdn.davisawning.com/home/external-roof-blinds.png]
[davisawning.com/external-roof-blinds/index.html]
[cdn.davisawning.com/about/icon-manufacturing-base.jpg]
[cdn.davisawning.com/about/icon-showroom.jpg]
[cdn.davisawning.com/about/icon-completed-projects.jpg]
[cdn.davisawning.com/about/icon-export-to-70-countries.jpg]
[cdn.davisawning.com/about/icon-30-rd-team-members.jpg]
[cdn.davisawning.com/about/icon-200-national-patents.jpg]
[cdn.davisawning.com/about/about.jpg]
[cdn.davisawning.com/about/factory-interior-environment-1.jpg]
[cdn.davisawning.com/about/factory-interior-environment-2.jpg]
[cdn.davisawning.com/about/indoor-showroom-environment.jpg]
[cdn.davisawning.com/about/rooftop-showroom-environment.jpg]
[cdn.davisawning.com/why-choose-us/expert-in-customized-design-solutions.jpg]
[cdn.davisawning.com/why-choose-us/quick-3d-printed-sample-prototyping.jpg]
[cdn.davisawning.com/why-choose-us/site-based-design-technical-drawings.jpg]
[cdn.davisawning.com/why-choose-us/hands-on-training-at-our-factory.jpg]
[cdn.davisawning.com/why-choose-us/on-site-training-for-dealers.jpg]
[cdn.davisawning.com/why-choose-us/professional-site-supervision-guidance.jpg]
[cdn.davisawning.com/why-choose-us/international-installation-support.jpg]
[cdn.davisawning.com/why-choose-us/20-years-of-global-project-experience.jpg]
[cdn.davisawning.com/why-choose-us/reliable-after-sales-support-warranty.jpg]
[cdn.davisawning.com/home/sauleda.jpg]
[cdn.davisawning.com/home/dooya.jpg]
[cdn.davisawning.com/home/somfy.jpg]
[cdn.davisawning.com/home/serge-ferrari.jpg]
[cdn.davisawning.com/home/wistar.jpg]
[cdn.davisawning.com/home/a-ok.jpg]
[cdn.davisawning.com/home/international-fairs-1.jpg]
[cdn.davisawning.com/home/international-fairs-2.jpg]
[cdn.davisawning.com/home/international-fairs-3.jpg]
[cdn.davisawning.com/home/international-fairs-4.jpg]
[cdn.davisawning.com/home/international-fairs-5.jpg]
[cdn.davisawning.com/home/international-fairs-6.jpg]
[cdn.davisawning.com/home/international-fairs-7.jpg]
[cdn.davisawning.com/home/international-fairs-8.jpg]
[cdn.davisawning.com/assets/faq-support.jpg]
[cdn.davisawning.com/assets/faq-support-small.jpg]
[cdn.davisawning.com/assets/facebook.png]
[davisawning.com/garden-dome-igloo/index.html]
[davisawning.com/modular-building-cabin-space-capsule/index.html]
[cdn.davisawning.com/assets/twitter.png]
[cdn.davisawning.com/assets/linkedin.png]
[cdn.davisawning.com/assets/instagram.png]
[cdn.davisawning.com/assets/pinterest.png]
[cdn.davisawning.com/assets/youtube.png]
[davisawning.com/sitemap.xml]
[cdn.davisawning.com/assets/contact-support.png]
[cdn.davisawning.com/assets/back-to-top.png]
[cdn.davisawning.com/products/full-cassette-awning.jpg]
[cdn.davisawning.com/products/retractable-roof.jpg]
[cdn.davisawning.com/products/bioclimate-pergola.jpg]
[cdn.davisawning.com/products/zip-screen.jpg]
[cdn.davisawning.com/products/window-awning.jpg]
[cdn.davisawning.com/products/original-awning.jpg]
[cdn.davisawning.com/products/external-roof-blinds.jpg]
[cdn.davisawning.com/products/garden-dome-igloo.jpg]
[cdn.davisawning.com/products/modular-building-cabin-space-capsule.jpg]
[davisawning.com/assets/bootstrap.bundle.min.js]
[davisawning.com/index.html]
[davisawning.com/assets/carouselnew.css]
[davisawning.com/project/flip-top-and-folding-pergolas-for-office-terraces-in-hangzhou.html]
[cdn.davisawning.com/project/flip-top-and-folding-pergolas-for-office-terraces-in-hangzhou.jpg]
[davisawning.com/project/retractable-awnings-and-windproof-roller-blinds-at-the-guangzhou-high-altitude-open-air-restaurant.html]
[cdn.davisawning.com/project/retractable-awnings-and-windproof-roller-blinds-at-the-guangzhou-high-altitude-open-air-restaurant.jpg]
[davisawning.com/project/dongguan-retractable-awning-in-the-garden-parking-lot.html]
[cdn.davisawning.com/project/dongguan-retractable-awning-in-the-garden-parking-lot.jpg]
[davisawning.com/project/shenzhen-constant-temperature-swimming-pool.html]
[cdn.davisawning.com/project/shenzhen-constant-temperature-swimming-pool.jpg]
[davisawning.com/assets/jquery-3.7.1.min.js]
[davisawning.com/assets/isotope.pkgd.min.js]
[davisawning.com/project/index.html]
[davisawning.com/video/retractable-cassette-awning-new-shading-solution-for-your-yard.html]
[cdn.davisawning.com/video/retractable-cassette-awning-new-shading-solution-for-your-yard.jpg]
[davisawning.com/video/retractable-roof-pergola-cover.html]
[cdn.davisawning.com/video/retractable-roof-pergola-cover.jpg]
[davisawning.com/video/premium-retractable-louver-pergola.html]
[cdn.davisawning.com/video/premium-retractable-louver-pergola.jpg]
[davisawning.com/video/smart-shade-smarter-living-retractable-awning-double-open.html]
[cdn.davisawning.com/video/smart-shade-smarter-living-retractable-awning-double-open.jpg]
[davisawning.com/video/cassette-awning-cool-your-space-naturally.html]
[cdn.davisawning.com/video/cassette-awning-cool-your-space-naturally.jpg]
[davisawning.com/video/turn-your-patios-into-year-round-destinations-with-our-retractable-roof.html]
[cdn.davisawning.com/video/turn-your-patios-into-year-round-destinations-with-our-retractable-roof.jpg]
[davisawning.com/video/tailor-your-ambiance-easily-shift-between-full-sun-partial-shade-or-total-protection.html]
[cdn.davisawning.com/video/tailor-your-ambiance-easily-shift-between-full-sun-partial-shade-or-total-protection.jpg]
[davisawning.com/video/index.html]
[cdn.davisawning.com/products/dq-a-full-cassette-awning.jpg]
[cdn.davisawning.com/products/dq-b-full-cassette-awning.jpg]
[davisawning.com/dq-a-full-cassette-awning/index.html]
[cdn.davisawning.com/products/aluminum-bioclimate-pergola.jpg]
[davisawning.com/dq-b-full-cassette-awning/index.html]
[cdn.davisawning.com/products/retractable-louvered-pergola.jpg]
[cdn.davisawning.com/products/fabric-roof-blind.jpg]
[davisawning.com/retractable-louvered-pergola/index.html]
[cdn.davisawning.com/products/aluminum-alloy-roof-roller-shutters.jpg]
[davisawning.com/fabric-roof-blind/index.html]
[cdn.davisawning.com/products/standard-garden-dome-igloo.jpg]
[davisawning.com/aluminum-alloy-roof-roller-shutters/index.html]
[cdn.davisawning.com/products/luxury-garden-dome-igloo.jpg]
[davisawning.com/catalog/index.html]
[davisawning.com/standard-garden-dome-igloo/index.html]
[davisawning.com/luxury-garden-dome-igloo/index.html]
[cdn.davisawning.com/about/about-2.jpg]
[cdn.davisawning.com/about/sales-team.jpg]
[cdn.davisawning.com/about/manufactory-1.jpg]
[cdn.davisawning.com/about/manufactory-2.jpg]
[cdn.davisawning.com/about/manufactory-3.jpg]
[cdn.davisawning.com/about/manufactory-4.jpg]
[cdn.davisawning.com/about/manufactory-5.jpg]
[cdn.davisawning.com/about/manufactory-6.jpg]
[davisawning.com/about/index.html]
[cdn.davisawning.com/contact/map.jpg]
[davisawning.com/contact/index.html]
[cdn.davisawning.com/products/retractable-roof-icon-1.jpg]
[cdn.davisawning.com/products/retractable-roof-icon-2.jpg]
[cdn.davisawning.com/products/retractable-roof-icon-3.jpg]
[cdn.davisawning.com/products/retractable-roof-icon-4.jpg]
[cdn.davisawning.com/products/retractable-roof-icon-5.jpg]
[cdn.davisawning.com/products/retractable-roof-icon-6.jpg]
[cdn.davisawning.com/products/retractable-roof-t700.png]
[cdn.davisawning.com/products/retractable-roof-t700-guide-rail.png]
[cdn.davisawning.com/products/retractable-roof-t700-big-crossbar.png]
[cdn.davisawning.com/products/retractable-roof-t700-small-crossbar.png]
[cdn.davisawning.com/products/retractable-roof-t700-gutter.png]
[cdn.davisawning.com/products/retractable-roof-t700-post.png]
[cdn.davisawning.com/products/retractable-roof-t700-water-baffle.png]
[cdn.davisawning.com/products/retractable-roof-t900.png]
[cdn.davisawning.com/products/retractable-roof-t900-guide-rail.png]
[cdn.davisawning.com/products/retractable-roof-t900-big-crossbar.png]
[cdn.davisawning.com/products/retractable-roof-t900-small-crossbar.png]
[cdn.davisawning.com/products/retractable-roof-t900-gutter.png]
[cdn.davisawning.com/products/retractable-roof-t900-post.png]
[cdn.davisawning.com/products/retractable-roof-t900-water-baffle.png]
[cdn.davisawning.com/products/retractable-roof-t1200.png]
[cdn.davisawning.com/products/retractable-roof-t1200-guide-rail.png]
[cdn.davisawning.com/products/retractable-roof-t1200-big-crossbar.png]
[cdn.davisawning.com/products/retractable-roof-t1200-small-crossbar.png]
[cdn.davisawning.com/products/retractable-roof-t1200-gutter.png]
[cdn.davisawning.com/products/retractable-roof-t1200-post.png]
[cdn.davisawning.com/products/retractable-roof-t1200-water-baffle.png]
[cdn.davisawning.com/products/retractable-roof-advantage-1.jpg]
[cdn.davisawning.com/products/retractable-roof-advantage-2.jpg]
[cdn.davisawning.com/products/retractable-roof-advantage-3.jpg]
[cdn.davisawning.com/products/retractable-roof-advantage-4.jpg]
[cdn.davisawning.com/products/retractable-roof-advantage-5.jpg]
[cdn.davisawning.com/products/retractable-roof-advantage-6.jpg]
[cdn.davisawning.com/products/retractable-roof-advantage-7.jpg]
[cdn.davisawning.com/products/retractable-roof-premium-fabric-1.jpg]
[cdn.davisawning.com/products/retractable-roof-premium-fabric-2.jpg]
[cdn.davisawning.com/products/retractable-roof-premium-fabric-uv-blocking.png]
[cdn.davisawning.com/products/retractable-roof-premium-fabric-rain-resistance.png]
[cdn.davisawning.com/products/retractable-roof-premium-fabric-wind-resistance.png]
[cdn.davisawning.com/products/retractable-roof-premium-fabric-temperature-control.png]
[cdn.davisawning.com/products/retractable-roof-premium-fabric-ventilation.png]
[cdn.davisawning.com/products/retractable-roof-fabric-specifications.jpg]
[cdn.davisawning.com/products/retractable-roof-fabric-specifications-brown.jpg]
[cdn.davisawning.com/products/retractable-roof-fabric-specifications-white.jpg]
[cdn.davisawning.com/products/retractable-roof-fabric-specifications-beige.jpg]
[cdn.davisawning.com/products/retractable-roof-fabric-specifications-grey.jpg]
[cdn.davisawning.com/products/retractable-roof-wall-mounted.png]
[cdn.davisawning.com/products/retractable-roof-wall-mounted-combined.png]
[cdn.davisawning.com/products/retractable-roof-free-standing.png]
[cdn.davisawning.com/products/retractable-roof-free-standing-combined.png]
[cdn.davisawning.com/products/retractable-roof-double-sided.png]
[cdn.davisawning.com/products/retractable-roof-double-sided-combined.png]
[cdn.davisawning.com/products/retractable-roof-wall-clamped.png]
[cdn.davisawning.com/products/retractable-roof-inclined-rod-supported.png]
[cdn.davisawning.com/products/dooya.png]
[cdn.davisawning.com/products/retractable-roof-case-1.jpg]
[cdn.davisawning.com/products/retractable-roof-case-2.jpg]
[cdn.davisawning.com/products/retractable-roof-case-3.jpg]
[cdn.davisawning.com/products/retractable-roof-case-4.jpg]
[cdn.davisawning.com/products/retractable-roof-case-5.jpg]
[cdn.davisawning.com/products/retractable-roof-case-6.jpg]
[cdn.davisawning.com/products/retractable-roof-case-7.jpg]
[cdn.davisawning.com/products/retractable-roof-case-8.jpg]
[cdn.davisawning.com/products/retractable-roof-case-9.jpg]
[cdn.davisawning.com/products/retractable-roof-case-10.jpg]
[cdn.davisawning.com/products/retractable-roof-case-11.jpg]
[cdn.davisawning.com/products/retractable-roof-case-12.jpg]
[cdn.davisawning.com/products/retractable-roof-case-13.jpg]
[cdn.davisawning.com/products/retractable-roof-case-14.jpg]
[cdn.davisawning.com/products/retractable-roof-case-15.jpg]
[cdn.davisawning.com/products/retractable-roof-case-16.jpg]
[davisawning.com/retractable-roof/index.html]
[cdn.davisawning.com/products/aluminum-bioclimate-pergola-icon-1.jpg]
[cdn.davisawning.com/products/aluminum-bioclimate-pergola-icon-2.jpg]
[cdn.davisawning.com/products/aluminum-bioclimate-pergola-icon-3.jpg]
[cdn.davisawning.com/products/aluminum-bioclimate-pergola-icon-4.jpg]
[cdn.davisawning.com/products/aluminum-bioclimate-pergola-icon-5.jpg]
[cdn.davisawning.com/products/aluminum-bioclimate-pergola-icon-6.jpg]
[cdn.davisawning.com/products/aluminum-bioclimate-pergola-f150.png]
[cdn.davisawning.com/products/aluminum-bioclimate-pergola-f150-customizable-size.png]
[cdn.davisawning.com/products/aluminum-bioclimate-pergola-f150-blades.png]
[cdn.davisawning.com/products/aluminum-bioclimate-pergola-f150-gutter.png]
[cdn.davisawning.com/products/aluminum-bioclimate-pergola-f150-posts.png]
[cdn.davisawning.com/products/aluminum-bioclimate-pergola-f168.png]
[cdn.davisawning.com/products/aluminum-bioclimate-pergola-f168-customizable-size.png]
[cdn.davisawning.com/products/aluminum-bioclimate-pergola-f168-blades-with-light.png]
[cdn.davisawning.com/products/aluminum-bioclimate-pergola-f168-gutter.png]
[cdn.davisawning.com/products/aluminum-bioclimate-pergola-f168-posts.png]
[cdn.davisawning.com/products/aluminum-bioclimate-pergola-f210.png]
[cdn.davisawning.com/products/aluminum-bioclimate-pergola-f210-customizable-size.png]
[cdn.davisawning.com/products/aluminum-bioclimate-pergola-f210-blades-with-light.png]
[cdn.davisawning.com/products/aluminum-bioclimate-pergola-f210-side-beam.png]
[cdn.davisawning.com/products/aluminum-bioclimate-pergola-f210-gutter.png]
[cdn.davisawning.com/products/aluminum-bioclimate-pergola-f210-posts.png]
[cdn.davisawning.com/products/aluminum-bioclimate-pergola-f210-post.png]
[cdn.davisawning.com/products/aluminum-bioclimate-pergola-f210-pro.png]
[cdn.davisawning.com/products/aluminum-bioclimate-pergola-f210-pro-customizable-size.png]
[cdn.davisawning.com/products/aluminum-bioclimate-pergola-f210-pro-blade-with-light.png]
[cdn.davisawning.com/products/aluminum-bioclimate-pergola-f210-pro-side-beam-gutter.png]
[cdn.davisawning.com/products/aluminum-bioclimate-pergola-f210-pro-decorative-cover.png]
[cdn.davisawning.com/products/aluminum-bioclimate-pergola-f210-pro-posts.png]
[cdn.davisawning.com/products/awning-adjustable-brightness.png]
[cdn.davisawning.com/products/awning-colorful-rgb-lighting.png]
[cdn.davisawning.com/products/awning-manual-and-electric-dual-use.png]
[cdn.davisawning.com/products/awning-smartphone-control.png]
[cdn.davisawning.com/products/awning-wind-light-and-rain-sensor.png]
[cdn.davisawning.com/products/hanging-fans.png]
[cdn.davisawning.com/products/zip-screen-roller-blinds.png]
[cdn.davisawning.com/products/overhanging-roof.png]
[cdn.davisawning.com/products/wpc-wood-plastic-decking.png]
[cdn.davisawning.com/products/decorative-aluminum-sheet.png]
[cdn.davisawning.com/products/glass-doors.png]
[cdn.davisawning.com/products/shutters-windows.png]
[cdn.davisawning.com/products/bioclimate-pergola-custom-logo.png]
[cdn.davisawning.com/products/bioclimate-pergola-custom-colors.png]
[cdn.davisawning.com/products/bioclimate-pergola-standard-freestanding.jpg]
[cdn.davisawning.com/products/bioclimate-pergola-front-post-type.jpg]
[cdn.davisawning.com/products/bioclimate-pergola-post-type-combination.jpg]
[cdn.davisawning.com/products/bioclimate-pergola-built-in-suspension-type.jpg]
[cdn.davisawning.com/products/bioclimate-pergola-diagonal-brace-type.jpg]
[cdn.davisawning.com/products/bioclimate-pergola-wall-mounted-combination-type.jpg]
[cdn.davisawning.com/products/bioclimate-pergola-drainage-system.jpg]
[cdn.davisawning.com/products/bioclimate-pergola-drainage-system-1.jpg]
[cdn.davisawning.com/products/bioclimate-pergola-drainage-system-2.jpg]
[cdn.davisawning.com/products/a-ok.png]
[cdn.davisawning.com/products/aluminum-bioclimate-pergola-case-1.jpg]
[cdn.davisawning.com/products/aluminum-bioclimate-pergola-case-2.jpg]
[cdn.davisawning.com/products/aluminum-bioclimate-pergola-case-3.jpg]
[cdn.davisawning.com/products/aluminum-bioclimate-pergola-case-4.jpg]
[cdn.davisawning.com/products/aluminum-bioclimate-pergola-case-5.jpg]
[cdn.davisawning.com/products/aluminum-bioclimate-pergola-case-6.jpg]
[cdn.davisawning.com/products/aluminum-bioclimate-pergola-case-7.jpg]
[cdn.davisawning.com/products/aluminum-bioclimate-pergola-case-8.jpg]
[cdn.davisawning.com/products/aluminum-bioclimate-pergola-case-9.jpg]
[cdn.davisawning.com/products/aluminum-bioclimate-pergola-case-10.jpg]
[cdn.davisawning.com/products/aluminum-bioclimate-pergola-case-11.jpg]
[cdn.davisawning.com/products/aluminum-bioclimate-pergola-case-12.jpg]
[davisawning.com/aluminum-bioclimate-pergola/index.html]
[davisawning.com/full-cassette-awning/index.html]
[davisawning.com/bioclimate-pergola/index.html]
[cdn.davisawning.com/products/zip-screen-icon-1.jpg]
[cdn.davisawning.com/products/zip-screen-icon-2.jpg]
[cdn.davisawning.com/products/zip-screen-icon-3.jpg]
[cdn.davisawning.com/products/zip-screen-icon-4.jpg]
[cdn.davisawning.com/products/zip-screen-icon-5.jpg]
[cdn.davisawning.com/products/zip-screen-icon-6.jpg]
[cdn.davisawning.com/products/zip-screen-icon-7.jpg]
[cdn.davisawning.com/products/zip-screen-detail-1.jpg]
[cdn.davisawning.com/products/zip-screen-detail-2.jpg]
[cdn.davisawning.com/products/zip-screen-large-cover-box.png]
[cdn.davisawning.com/products/zip-screen-cover-box.png]
[cdn.davisawning.com/products/zip-screen-bottom-rail.png]
[cdn.davisawning.com/products/zip-screen-side-rail.png]
[cdn.davisawning.com/products/zip-screen-advantage-1.jpg]
[cdn.davisawning.com/products/zip-screen-advantage-2.jpg]
[cdn.davisawning.com/products/zip-screen-advantage-3.jpg]
[cdn.davisawning.com/products/zip-screen-advantage-4.jpg]
[cdn.davisawning.com/products/zip-screen-advantage-5.jpg]
[cdn.davisawning.com/products/zip-screen-advantage-6.jpg]
[cdn.davisawning.com/products/zip-screen-advantage-7.jpg]
[cdn.davisawning.com/products/zip-screen-sl30-series-gery.jpg]
[cdn.davisawning.com/products/zip-screen-sl30-series-white.jpg]
[cdn.davisawning.com/products/zip-screen-sl30-series-coffee.jpg]
[cdn.davisawning.com/products/zip-screen-sl30-series-beige.jpg]
[cdn.davisawning.com/products/zip-screen-sl10-series-gery.jpg]
[cdn.davisawning.com/products/zip-screen-sl10-series-white.jpg]
[cdn.davisawning.com/products/zip-screen-sl10-series-coffee.jpg]
[cdn.davisawning.com/products/zip-screen-sl10-series-beige.jpg]
[cdn.davisawning.com/products/zip-screen-sl10-series-black.jpg]
[cdn.davisawning.com/products/zip-screen-sl05-series-white.jpg]
[cdn.davisawning.com/products/zip-screen-sl05-series-light-gery.jpg]
[cdn.davisawning.com/products/zip-screen-sl05-series-beige.jpg]
[cdn.davisawning.com/products/zip-screen-sl05-series-black.jpg]
[cdn.davisawning.com/products/zip-screen-sl05-series-black-coffee.jpg]
[cdn.davisawning.com/products/zip-screen-sl05-series-gery.jpg]
[cdn.davisawning.com/products/zip-screen-sl05-fiberglass-series-white.jpg]
[cdn.davisawning.com/products/zip-screen-sl05-fiberglass-series-light-gery.jpg]
[cdn.davisawning.com/products/zip-screen-sl05-fiberglass-series-beige.jpg]
[cdn.davisawning.com/products/zip-screen-sl05-fiberglass-series-dark-gery.jpg]
[cdn.davisawning.com/products/zip-screen-sl00-full-blackout-series-white.jpg]
[cdn.davisawning.com/products/zip-screen-sl00-full-blackout-series-black.jpg]
[cdn.davisawning.com/products/zip-screen-sl00-full-blackout-series-gery.jpg]
[cdn.davisawning.com/products/zip-screen-profile-color.jpg]
[cdn.davisawning.com/products/zip-screen-standard-colors-white.jpg]
[cdn.davisawning.com/products/zip-screen-standard-colors-gray.jpg]
[cdn.davisawning.com/products/zip-screen-standard-colors-brown.jpg]
[cdn.davisawning.com/products/zip-screen-custom-colors-wood-grain.jpg]
[cdn.davisawning.com/products/zip-screen-custom-colors-warm-grayish-taupe.jpg]
[cdn.davisawning.com/products/zip-screen-custom-colors-light-beige-gray.jpg]
[cdn.davisawning.com/products/zip-screen-internal-installation.png]
[cdn.davisawning.com/products/zip-screen-external-installation.png]
[cdn.davisawning.com/products/zip-screen-case-1.jpg]
[cdn.davisawning.com/products/zip-screen-case-2.jpg]
[cdn.davisawning.com/products/zip-screen-case-3.jpg]
[cdn.davisawning.com/products/zip-screen-case-4.jpg]
[cdn.davisawning.com/products/zip-screen-case-5.jpg]
[cdn.davisawning.com/products/zip-screen-case-6.jpg]
[cdn.davisawning.com/products/zip-screen-case-7.jpg]
[cdn.davisawning.com/products/zip-screen-case-8.jpg]
[cdn.davisawning.com/products/zip-screen-case-9.jpg]
[cdn.davisawning.com/products/zip-screen-case-10.jpg]
[cdn.davisawning.com/products/zip-screen-case-11.jpg]
[cdn.davisawning.com/products/zip-screen-case-12.jpg]
[cdn.davisawning.com/products/zip-screen-case-13.jpg]
[cdn.davisawning.com/products/zip-screen-case-14.jpg]
[cdn.davisawning.com/products/zip-screen-case-15.jpg]
[cdn.davisawning.com/products/zip-screen-case-16.jpg]
[davisawning.com/zip-screen/index.html]
[cdn.davisawning.com/products/window-awning-icon-1.jpg]
[cdn.davisawning.com/products/window-awning-icon-2.jpg]
[cdn.davisawning.com/products/window-awning-icon-3.jpg]
[cdn.davisawning.com/products/window-awning-icon-4.jpg]
[cdn.davisawning.com/products/window-awning-icon-5.jpg]
[cdn.davisawning.com/products/window-awning-icon-6.jpg]
[cdn.davisawning.com/products/window-awning-c102-retracted-state.png]
[cdn.davisawning.com/products/window-awning-c102-deployed-state.png]
[cdn.davisawning.com/products/window-awning-c102-exploded-parts-diagram-1.png]
[cdn.davisawning.com/products/window-awning-c102-exploded-parts-diagram-2.png]
[cdn.davisawning.com/products/window-awning-c102-box-cover.png]
[cdn.davisawning.com/products/window-awning-c102-motor.png]
[cdn.davisawning.com/products/window-awning-c102-side-panel.png]
[cdn.davisawning.com/products/window-awning-c102-side-panel-cover.png]
[cdn.davisawning.com/products/window-awning-c102-fastener.png]
[cdn.davisawning.com/products/window-awning-c102-front-tube-end-cap.png]
[cdn.davisawning.com/products/window-awning-c102-mounting-bracket.png]
[cdn.davisawning.com/products/window-awning-c102-adjusting-screw-rod.png]
[cdn.davisawning.com/products/window-awning-c102-round-head.png]
[cdn.davisawning.com/products/window-awning-c102-fabric-roll-tube.png]
[cdn.davisawning.com/products/window-awning-c102-steel-wire.png]
[cdn.davisawning.com/products/window-awning-c102-movable-end-cap.png]
[cdn.davisawning.com/products/window-awning-c102-front-tube.png]
[cdn.davisawning.com/products/window-awning-c102-profile-thickness-front-tube.png]
[cdn.davisawning.com/products/window-awning-c102-profile-thickness-box-cover.png]
[cdn.davisawning.com/products/window-awning-c102-profile-thickness-side-panel.png]
[cdn.davisawning.com/products/window-awning-c102-profile-thickness-mounting-bracket.png]
[cdn.davisawning.com/products/window-awning-c104-retracted-state.png]
[cdn.davisawning.com/products/window-awning-c104-deployed-state.png]
[cdn.davisawning.com/products/window-awning-c104-exploded-parts-diagram-1.png]
[cdn.davisawning.com/products/window-awning-c104-exploded-parts-diagram-2.png]
[cdn.davisawning.com/products/window-awning-c104-box-cover.png]
[cdn.davisawning.com/products/window-awning-c104-motor.png]
[cdn.davisawning.com/products/window-awning-c104-side-panel.png]
[cdn.davisawning.com/products/window-awning-c104-side-panel-cover.png]
[cdn.davisawning.com/products/window-awning-c104-swing-arm.png]
[cdn.davisawning.com/products/window-awning-c104-round-head.png]
[cdn.davisawning.com/products/window-awning-c104-fabric-roll-tube.png]
[cdn.davisawning.com/products/window-awning-c104-front-tube-cover.png]
[cdn.davisawning.com/products/window-awning-c104-front-tube.png]
[cdn.davisawning.com/products/window-awning-c104-profile-thickness-front-tube.png]
[cdn.davisawning.com/products/window-awning-c104-profile-thickness-swing-arm.png]
[cdn.davisawning.com/products/window-awning-c104-profile-thickness-box-cover.png]
[cdn.davisawning.com/products/window-awning-c104-profile-thickness-side-panel.png]
[cdn.davisawning.com/products/spanish-sauleda-fabric-selection-icon-1.png]
[cdn.davisawning.com/products/spanish-sauleda-fabric-selection-icon-2.png]
[cdn.davisawning.com/products/spanish-sauleda-fabric-selection-icon-3.png]
[cdn.davisawning.com/products/spanish-sauleda-fabric-selection-icon-4.png]
[cdn.davisawning.com/products/spanish-sauleda-fabric-selection-icon-5.png]
[cdn.davisawning.com/products/spanish-sauleda-fabric-selection-icon-6.png]
[cdn.davisawning.com/products/spanish-sauleda-fabric-selection-icon-7.png]
[cdn.davisawning.com/products/spanish-sauleda-fabric-selection-icon-8.png]
[cdn.davisawning.com/products/spanish-sauleda-waterproof-fabric.jpg]
[cdn.davisawning.com/products/spanish-sauleda-waterproof-fabric-icon-1.jpg]
[cdn.davisawning.com/products/spanish-sauleda-waterproof-fabric-icon-2.jpg]
[cdn.davisawning.com/products/spanish-sauleda-waterproof-fabric-icon-3.jpg]
[cdn.davisawning.com/products/spanish-sauleda-waterproof-fabric-icon-4.jpg]
[cdn.davisawning.com/products/spanish-sauleda-waterproof-fabric-icon-5.jpg]
[cdn.davisawning.com/products/quality-water-resistant.png]
[cdn.davisawning.com/products/quality-uvfade-resistant.png]
[cdn.davisawning.com/products/quality-no-conductor.png]
[cdn.davisawning.com/products/quality-mold-resistant.png]
[cdn.davisawning.com/products/quality-stain-resistant.png]
[cdn.davisawning.com/products/quality-durable-strong.png]
[cdn.davisawning.com/products/quality-uv-protection.png]
[cdn.davisawning.com/products/quality-easy-to-clean.png]
[cdn.davisawning.com/products/somfy.png]
[cdn.davisawning.com/products/window-awning-case-1.jpg]
[cdn.davisawning.com/products/window-awning-case-2.jpg]
[cdn.davisawning.com/products/window-awning-case-3.jpg]
[cdn.davisawning.com/products/window-awning-case-4.jpg]
[cdn.davisawning.com/products/window-awning-case-5.jpg]
[cdn.davisawning.com/products/window-awning-case-6.jpg]
[cdn.davisawning.com/products/window-awning-case-7.jpg]
[cdn.davisawning.com/products/window-awning-case-8.jpg]
[cdn.davisawning.com/products/window-awning-case-9.jpg]
[cdn.davisawning.com/products/window-awning-case-10.jpg]
[cdn.davisawning.com/products/window-awning-case-11.jpg]
[cdn.davisawning.com/products/window-awning-case-12.jpg]
[cdn.davisawning.com/products/window-awning-case-13.jpg]
[cdn.davisawning.com/products/window-awning-case-14.jpg]
[cdn.davisawning.com/products/window-awning-case-15.jpg]
[cdn.davisawning.com/products/window-awning-case-16.jpg]
[cdn.davisawning.com/products/window-awning-case-17.jpg]
[cdn.davisawning.com/products/window-awning-case-18.jpg]
[cdn.davisawning.com/products/window-awning-case-19.jpg]
[cdn.davisawning.com/products/window-awning-case-20.jpg]
[cdn.davisawning.com/products/window-awning-case-21.jpg]
[cdn.davisawning.com/products/window-awning-case-22.jpg]
[cdn.davisawning.com/products/window-awning-case-23.jpg]
[cdn.davisawning.com/products/window-awning-case-24.jpg]
[davisawning.com/window-awning/index.html]
[cdn.davisawning.com/products/original-awning-icon-1.jpg]
[cdn.davisawning.com/products/original-awning-icon-2.jpg]
[cdn.davisawning.com/products/original-awning-icon-3.jpg]
[cdn.davisawning.com/products/original-awning-icon-4.jpg]
[cdn.davisawning.com/products/original-awning-icon-5.jpg]
[cdn.davisawning.com/products/original-awning-fb.png]
[cdn.davisawning.com/products/original-awning-fb-1.png]
[cdn.davisawning.com/products/original-awning-fb-2.png]
[cdn.davisawning.com/products/original-awning-fb-3.png]
[cdn.davisawning.com/products/original-awning-fb-4.png]
[cdn.davisawning.com/products/fe-double-layer-arm-awning.png]
[cdn.davisawning.com/products/fe-double-layer-arm-awning-1.png]
[cdn.davisawning.com/products/fe-double-layer-arm-awning-2.png]
[cdn.davisawning.com/products/fe-double-layer-arm-awning-3.png]
[cdn.davisawning.com/products/fe-double-layer-arm-awning-4.png]
[cdn.davisawning.com/products/awning-water-baffle.png]
[cdn.davisawning.com/products/awning-retractable-curtain-drop-curtain.png]
[cdn.davisawning.com/products/awning-vibration-sensor.png]
[cdn.davisawning.com/products/awning-custom-logo.png]
[cdn.davisawning.com/products/awning-custom-colors.png]
[cdn.davisawning.com/products/original-awning-case-1.jpg]
[cdn.davisawning.com/products/original-awning-case-2.jpg]
[cdn.davisawning.com/products/original-awning-case-3.jpg]
[cdn.davisawning.com/products/original-awning-case-4.jpg]
[cdn.davisawning.com/products/original-awning-case-5.jpg]
[cdn.davisawning.com/products/original-awning-case-6.jpg]
[cdn.davisawning.com/products/original-awning-case-7.jpg]
[cdn.davisawning.com/products/original-awning-case-8.jpg]
[cdn.davisawning.com/products/original-awning-case-9.jpg]
[cdn.davisawning.com/products/original-awning-case-10.jpg]
[cdn.davisawning.com/products/original-awning-case-11.jpg]
[cdn.davisawning.com/products/original-awning-case-12.jpg]
[cdn.davisawning.com/products/original-awning-case-13.jpg]
[cdn.davisawning.com/products/original-awning-case-14.jpg]
[cdn.davisawning.com/products/original-awning-case-15.jpg]
[cdn.davisawning.com/products/original-awning-case-16.jpg]
[davisawning.com/original-awning/index.html]
[davisawning.com/external-roof-blinds/index.html]
[cdn.davisawning.com/about/icon-manufacturing-base.html]
[cdn.davisawning.com/about/icon-showroom.html]
[cdn.davisawning.com/about/icon-completed-projects.html]
[cdn.davisawning.com/about/icon-export-to-70-countries.html]
[cdn.davisawning.com/about/icon-30-rd-team-members.html]
[cdn.davisawning.com/about/icon-200-national-patents.html]
[davisawning.com/garden-dome-igloo/index.html]
[cdn.davisawning.com/products/modular-building-cabin-space-capsule-icon-1.jpg]
[cdn.davisawning.com/products/modular-building-cabin-space-capsule-icon-2.jpg]
[cdn.davisawning.com/products/modular-building-cabin-space-capsule-icon-3.jpg]
[cdn.davisawning.com/products/modular-building-cabin-space-capsule-icon-4.jpg]
[cdn.davisawning.com/products/modular-building-cabin-space-capsule-icon-5.jpg]
[cdn.davisawning.com/products/modular-building-cabin-space-capsule-icon-6.jpg]
[cdn.davisawning.com/products/modular-building-cabin-space-capsule-d5.jpg]
[cdn.davisawning.com/products/modular-building-cabin-space-capsule-d5-2.jpg]
[cdn.davisawning.com/products/modular-building-cabin-space-capsule-d5-3.jpg]
[cdn.davisawning.com/products/modular-building-cabin-space-capsule-d7.jpg]
[cdn.davisawning.com/products/modular-building-cabin-space-capsule-d7-2.jpg]
[cdn.davisawning.com/products/modular-building-cabin-space-capsule-d7-3.jpg]
[cdn.davisawning.com/products/modular-building-cabin-space-capsule-d60.jpg]
[cdn.davisawning.com/products/modular-building-cabin-space-capsule-d60-2.jpg]
[cdn.davisawning.com/products/modular-building-cabin-space-capsule-d60-3.jpg]
[cdn.davisawning.com/products/modular-building-cabin-space-capsule-d90.jpg]
[cdn.davisawning.com/products/modular-building-cabin-space-capsule-d90-2.jpg]
[cdn.davisawning.com/products/modular-building-cabin-space-capsule-d90-3.jpg]
[cdn.davisawning.com/products/modular-building-cabin-space-capsule-no-restriction-on-terrain-ecological-development.jpg]
[cdn.davisawning.com/products/modular-building-cabin-space-capsule-modular-building-cabin-quick-landing.jpg]
[cdn.davisawning.com/products/modular-building-cabin-space-capsule-quality-design-attract-attention-and-attract-traffic.jpg]
[cdn.davisawning.com/products/modular-building-cabin-space-capsule-panoramic-view-back-to-nature.jpg]
[cdn.davisawning.com/products/modular-building-cabin-space-capsule-install.jpg]
[cdn.davisawning.com/products/modular-building-cabin-space-capsule-case-1.jpg]
[cdn.davisawning.com/products/modular-building-cabin-space-capsule-case-2.jpg]
[cdn.davisawning.com/products/modular-building-cabin-space-capsule-case-3.jpg]
[cdn.davisawning.com/products/modular-building-cabin-space-capsule-case-4.jpg]
[cdn.davisawning.com/products/modular-building-cabin-space-capsule-case-5.jpg]
[cdn.davisawning.com/products/modular-building-cabin-space-capsule-case-6.jpg]
[cdn.davisawning.com/products/modular-building-cabin-space-capsule-case-7.jpg]
[cdn.davisawning.com/products/modular-building-cabin-space-capsule-case-8.jpg]
[cdn.davisawning.com/products/modular-building-cabin-space-capsule-case-9.jpg]
[cdn.davisawning.com/products/modular-building-cabin-space-capsule-case-10.jpg]
[cdn.davisawning.com/products/modular-building-cabin-space-capsule-case-11.jpg]
[cdn.davisawning.com/products/modular-building-cabin-space-capsule-case-12.jpg]
[cdn.davisawning.com/products/modular-building-cabin-space-capsule-case-13.jpg]
[cdn.davisawning.com/products/modular-building-cabin-space-capsule-case-14.jpg]
[cdn.davisawning.com/products/modular-building-cabin-space-capsule-case-15.jpg]
[cdn.davisawning.com/products/modular-building-cabin-space-capsule-case-16.jpg]
[davisawning.com/modular-building-cabin-space-capsule/index.html]
[cdn.davisawning.com/project/flip-top-and-folding-pergolas-for-office-terraces-in-hangzhou-1.jpg]
[cdn.davisawning.com/project/flip-top-and-folding-pergolas-for-office-terraces-in-hangzhou-2.jpg]
[cdn.davisawning.com/project/flip-top-and-folding-pergolas-for-office-terraces-in-hangzhou-3.jpg]
[cdn.davisawning.com/project/flip-top-and-folding-pergolas-for-office-terraces-in-hangzhou-4.jpg]
[cdn.davisawning.com/project/flip-top-and-folding-pergolas-for-office-terraces-in-hangzhou-5.jpg]
[cdn.davisawning.com/project/flip-top-and-folding-pergolas-for-office-terraces-in-hangzhou-6.jpg]
[cdn.davisawning.com/project/flip-top-and-folding-pergolas-for-office-terraces-in-hangzhou-7.jpg]
[cdn.davisawning.com/project/flip-top-and-folding-pergolas-for-office-terraces-in-hangzhou-8.jpg]
[cdn.davisawning.com/project/flip-top-and-folding-pergolas-for-office-terraces-in-hangzhou-9.jpg]
[cdn.davisawning.com/project/flip-top-and-folding-pergolas-for-office-terraces-in-hangzhou-10.jpg]
[cdn.davisawning.com/project/flip-top-and-folding-pergolas-for-office-terraces-in-hangzhou-11.jpg]
[cdn.davisawning.com/project/flip-top-and-folding-pergolas-for-office-terraces-in-hangzhou-12.jpg]
[cdn.davisawning.com/project/flip-top-and-folding-pergolas-for-office-terraces-in-hangzhou-13.jpg]
[cdn.davisawning.com/project/flip-top-and-folding-pergolas-for-office-terraces-in-hangzhou-14.jpg]
[davisawning.com/project/flip-top-and-folding-pergolas-for-office-terraces-in-hangzhou.html]
[cdn.davisawning.com/project/retractable-awnings-and-windproof-roller-blinds-at-the-guangzhou-high-altitude-open-air-restaurant-1.jpg]
[cdn.davisawning.com/project/retractable-awnings-and-windproof-roller-blinds-at-the-guangzhou-high-altitude-open-air-restaurant-2.jpg]
[cdn.davisawning.com/project/retractable-awnings-and-windproof-roller-blinds-at-the-guangzhou-high-altitude-open-air-restaurant-3.jpg]
[cdn.davisawning.com/project/retractable-awnings-and-windproof-roller-blinds-at-the-guangzhou-high-altitude-open-air-restaurant-4.jpg]
[cdn.davisawning.com/project/retractable-awnings-and-windproof-roller-blinds-at-the-guangzhou-high-altitude-open-air-restaurant-5.jpg]
[cdn.davisawning.com/project/retractable-awnings-and-windproof-roller-blinds-at-the-guangzhou-high-altitude-open-air-restaurant-6.jpg]
[cdn.davisawning.com/project/retractable-awnings-and-windproof-roller-blinds-at-the-guangzhou-high-altitude-open-air-restaurant-7.jpg]
[cdn.davisawning.com/project/retractable-awnings-and-windproof-roller-blinds-at-the-guangzhou-high-altitude-open-air-restaurant-8.jpg]
[cdn.davisawning.com/project/retractable-awnings-and-windproof-roller-blinds-at-the-guangzhou-high-altitude-open-air-restaurant-9.jpg]
[cdn.davisawning.com/project/retractable-awnings-and-windproof-roller-blinds-at-the-guangzhou-high-altitude-open-air-restaurant-10.jpg]
[cdn.davisawning.com/project/retractable-awnings-and-windproof-roller-blinds-at-the-guangzhou-high-altitude-open-air-restaurant-11.jpg]
[cdn.davisawning.com/project/retractable-awnings-and-windproof-roller-blinds-at-the-guangzhou-high-altitude-open-air-restaurant-12.jpg]
[davisawning.com/project/retractable-awnings-and-windproof-roller-blinds-at-the-guangzhou-high-altitude-open-air-restaurant.html]
[cdn.davisawning.com/project/dongguan-retractable-awning-in-the-garden-parking-lot-1.jpg]
[cdn.davisawning.com/project/dongguan-retractable-awning-in-the-garden-parking-lot-2.jpg]
[cdn.davisawning.com/project/dongguan-retractable-awning-in-the-garden-parking-lot-3.jpg]
[cdn.davisawning.com/project/dongguan-retractable-awning-in-the-garden-parking-lot-4.jpg]
[cdn.davisawning.com/project/dongguan-retractable-awning-in-the-garden-parking-lot-5.jpg]
[cdn.davisawning.com/project/dongguan-retractable-awning-in-the-garden-parking-lot-6.jpg]
[cdn.davisawning.com/project/dongguan-retractable-awning-in-the-garden-parking-lot-7.jpg]
[cdn.davisawning.com/project/dongguan-retractable-awning-in-the-garden-parking-lot-8.jpg]
[davisawning.com/project/dongguan-retractable-awning-in-the-garden-parking-lot.html]
[cdn.davisawning.com/project/shenzhen-constant-temperature-swimming-pool-1.jpg]
[cdn.davisawning.com/project/shenzhen-constant-temperature-swimming-pool-2.jpg]
[cdn.davisawning.com/project/shenzhen-constant-temperature-swimming-pool-3.jpg]
[cdn.davisawning.com/project/shenzhen-constant-temperature-swimming-pool-4.jpg]
[cdn.davisawning.com/project/shenzhen-constant-temperature-swimming-pool-5.jpg]
[cdn.davisawning.com/project/shenzhen-constant-temperature-swimming-pool-6.jpg]
[cdn.davisawning.com/project/shenzhen-constant-temperature-swimming-pool-7.jpg]
[cdn.davisawning.com/project/shenzhen-constant-temperature-swimming-pool-8.jpg]
[cdn.davisawning.com/project/shenzhen-constant-temperature-swimming-pool-9.jpg]
[cdn.davisawning.com/project/shenzhen-constant-temperature-swimming-pool-10.jpg]
[cdn.davisawning.com/project/shenzhen-constant-temperature-swimming-pool-11.jpg]
[cdn.davisawning.com/project/shenzhen-constant-temperature-swimming-pool-12.jpg]
[cdn.davisawning.com/project/shenzhen-constant-temperature-swimming-pool-13.jpg]
[cdn.davisawning.com/project/shenzhen-constant-temperature-swimming-pool-14.jpg]
[davisawning.com/project/shenzhen-constant-temperature-swimming-pool.html]
[davisawning.com/video/retractable-cassette-awning-new-shading-solution-for-your-yard.html]
[davisawning.com/video/retractable-roof-pergola-cover.html]
[davisawning.com/video/premium-retractable-louver-pergola.html]
[davisawning.com/video/smart-shade-smarter-living-retractable-awning-double-open.html]
[davisawning.com/video/cassette-awning-cool-your-space-naturally.html]
[davisawning.com/video/turn-your-patios-into-year-round-destinations-with-our-retractable-roof.html]
[davisawning.com/video/tailor-your-ambiance-easily-shift-between-full-sun-partial-shade-or-total-protection.html]
[cdn.davisawning.com/products/dq-a-full-cassette-awning-icon-1.jpg]
[cdn.davisawning.com/products/dq-a-full-cassette-awning-icon-2.jpg]
[cdn.davisawning.com/products/dq-a-full-cassette-awning-icon-3.jpg]
[cdn.davisawning.com/products/dq-a-full-cassette-awning-icon-4.jpg]
[cdn.davisawning.com/products/dq-a-full-cassette-awning-icon-5.jpg]
[cdn.davisawning.com/products/dq-a-full-cassette-awning-retracted-state.png]
[cdn.davisawning.com/products/dq-a-full-cassette-awning-deployed-state.png]
[cdn.davisawning.com/products/dq-a-full-cassette-awning-exploded-parts-diagram-1.png]
[cdn.davisawning.com/products/dq-a-full-cassette-awning-exploded-parts-diagram-2.png]
[cdn.davisawning.com/products/dq-a-full-cassette-awning-upper-box-cover.png]
[cdn.davisawning.com/products/dq-a-full-cassette-awning-motor.png]
[cdn.davisawning.com/products/dq-a-full-cassette-awning-tube-support.png]
[cdn.davisawning.com/products/dq-a-full-cassette-awning-arm-mount.png]
[cdn.davisawning.com/products/dq-a-full-cassette-awning-side-panel.png]
[cdn.davisawning.com/products/dq-a-full-cassette-awning-crank-arm-connector.png]
[cdn.davisawning.com/products/dq-a-full-cassette-awning-crank-arm.png]
[cdn.davisawning.com/products/dq-a-full-cassette-awning-front-pipe-connector.png]
[cdn.davisawning.com/products/dq-a-full-cassette-awning-front-tube-cover.png]
[cdn.davisawning.com/products/dq-a-full-cassette-awning-inner-box-cover.png]
[cdn.davisawning.com/products/dq-a-full-cassette-awning-wall-bracket.png]
[cdn.davisawning.com/products/dq-a-full-cassette-awning-rear-box-cover.png]
[cdn.davisawning.com/products/dq-a-full-cassette-awning-round-head.png]
[cdn.davisawning.com/products/dq-a-full-cassette-awning-fabric-roll-tube.png]
[cdn.davisawning.com/products/dq-a-full-cassette-awning-lower-box-cover.png]
[cdn.davisawning.com/products/dq-a-full-cassette-awning-central-support.png]
[cdn.davisawning.com/products/dq-a-full-cassette-awning-front-tube.png]
[cdn.davisawning.com/products/dq-a-full-cassette-awning-profile-thickness-upper-box-cover.png]
[cdn.davisawning.com/products/dq-a-full-cassette-awning-profile-thickness-lower-box-cover.png]
[cdn.davisawning.com/products/dq-a-full-cassette-awning-profile-thickness-rear-box-cover.png]
[cdn.davisawning.com/products/dq-a-full-cassette-awning-profile-thickness-front-tube.png]
[cdn.davisawning.com/products/dq-a-full-cassette-awning-case-1.jpg]
[cdn.davisawning.com/products/dq-a-full-cassette-awning-case-2.jpg]
[cdn.davisawning.com/products/dq-a-full-cassette-awning-case-3.jpg]
[cdn.davisawning.com/products/dq-a-full-cassette-awning-case-4.jpg]
[cdn.davisawning.com/products/dq-a-full-cassette-awning-case-5.jpg]
[cdn.davisawning.com/products/dq-a-full-cassette-awning-case-6.jpg]
[cdn.davisawning.com/products/dq-a-full-cassette-awning-case-7.jpg]
[cdn.davisawning.com/products/dq-a-full-cassette-awning-case-8.jpg]
[cdn.davisawning.com/products/dq-a-full-cassette-awning-case-9.jpg]
[cdn.davisawning.com/products/dq-a-full-cassette-awning-case-10.jpg]
[cdn.davisawning.com/products/dq-a-full-cassette-awning-case-11.jpg]
[davisawning.com/dq-a-full-cassette-awning/index.html]
[cdn.davisawning.com/products/dq-b-full-cassette-awning-icon-1.jpg]
[cdn.davisawning.com/products/dq-b-full-cassette-awning-icon-2.jpg]
[cdn.davisawning.com/products/dq-b-full-cassette-awning-icon-3.jpg]
[cdn.davisawning.com/products/dq-b-full-cassette-awning-icon-4.jpg]
[cdn.davisawning.com/products/dq-b-full-cassette-awning-icon-5.jpg]
[cdn.davisawning.com/products/dq-b-full-cassette-awning-retracted-state.png]
[cdn.davisawning.com/products/dq-b-full-cassette-awning-deployed-state.png]
[cdn.davisawning.com/products/dq-b-full-cassette-awning-exploded-parts-diagram-1.png]
[cdn.davisawning.com/products/dq-b-full-cassette-awning-exploded-parts-diagram-2.png]
[cdn.davisawning.com/products/dq-b-full-cassette-awning-dq-b-wall-bracket.png]
[cdn.davisawning.com/products/dq-b-full-cassette-awning-box-cover.png]
[cdn.davisawning.com/products/dq-b-full-cassette-awning-motor.png]
[cdn.davisawning.com/products/dq-b-full-cassette-awning-side-panel.png]
[cdn.davisawning.com/products/dq-b-full-cassette-awning-side-panel-cover.png]
[cdn.davisawning.com/products/dq-b-full-cassette-awning-dq-b-arm-mount.png]
[cdn.davisawning.com/products/dq-b-full-cassette-awning-front-tube-cover.png]
[cdn.davisawning.com/products/dq-b-full-cassette-awning-inner-box-cover.png]
[cdn.davisawning.com/products/dq-b-full-cassette-awning-round-head.png]
[cdn.davisawning.com/products/dq-b-full-cassette-awning-fabric-roll-tube.png]
[cdn.davisawning.com/products/dq-b-full-cassette-awning-inner-box-bracket.png]
[cdn.davisawning.com/products/dq-b-full-cassette-awning-crank-arm.png]
[cdn.davisawning.com/products/dq-b-full-cassette-awning-front-tube.png]
[cdn.davisawning.com/products/dq-b-full-cassette-awning-profile-thickness-water-baffle.png]
[cdn.davisawning.com/products/dq-b-full-cassette-awning-profile-thickness-box-cover.png]
[cdn.davisawning.com/products/dq-b-full-cassette-awning-profile-thickness-front-tube.png]
[cdn.davisawning.com/products/dq-b-full-cassette-awning-profile-thickness-inner-box-cover.png]
[cdn.davisawning.com/products/dq-b-full-cassette-awning-case-1.jpg]
[cdn.davisawning.com/products/dq-b-full-cassette-awning-case-2.jpg]
[cdn.davisawning.com/products/dq-b-full-cassette-awning-case-3.jpg]
[cdn.davisawning.com/products/dq-b-full-cassette-awning-case-4.jpg]
[cdn.davisawning.com/products/dq-b-full-cassette-awning-case-5.jpg]
[cdn.davisawning.com/products/dq-b-full-cassette-awning-case-6.jpg]
[cdn.davisawning.com/products/dq-b-full-cassette-awning-case-7.jpg]
[cdn.davisawning.com/products/dq-b-full-cassette-awning-case-8.jpg]
[cdn.davisawning.com/products/dq-b-full-cassette-awning-case-9.jpg]
[cdn.davisawning.com/products/dq-b-full-cassette-awning-case-10.jpg]
[cdn.davisawning.com/products/dq-b-full-cassette-awning-case-11.jpg]
[davisawning.com/dq-b-full-cassette-awning/index.html]
[cdn.davisawning.com/products/retractable-louvered-pergola-icon-1.jpg]
[cdn.davisawning.com/products/retractable-louvered-pergola-icon-2.jpg]
[cdn.davisawning.com/products/retractable-louvered-pergola-icon-3.jpg]
[cdn.davisawning.com/products/retractable-louvered-pergola-icon-4.jpg]
[cdn.davisawning.com/products/retractable-louvered-pergola-icon-5.jpg]
[cdn.davisawning.com/products/retractable-louvered-pergola-icon-6.jpg]
[cdn.davisawning.com/products/retractable-louvered-pergola-hf228.png]
[cdn.davisawning.com/products/retractable-louvered-pergola-hf228-customizable-size.png]
[cdn.davisawning.com/products/retractable-louvered-pergola-hf228-blades.png]
[cdn.davisawning.com/products/retractable-louvered-pergola-hf228-edge-beam.png]
[cdn.davisawning.com/products/retractable-louvered-pergola-hf228-gutter.png]
[cdn.davisawning.com/products/retractable-louvered-pergola-hf228-posts.png]
[cdn.davisawning.com/products/retractable-louvered-pergola-hf228-guide-rail.png]
[cdn.davisawning.com/products/retractable-louvered-pergola-ambient-led-lighting.jpg]
[cdn.davisawning.com/products/retractable-louvered-pergola-aluminum-construction.jpg]
[cdn.davisawning.com/products/retractable-louvered-pergola-retractable-blades.jpg]
[cdn.davisawning.com/products/retractable-louvered-pergola-black-frame-white-blades.jpg]
[cdn.davisawning.com/products/retractable-louvered-pergola-gray-frame-white-blades.jpg]
[cdn.davisawning.com/products/retractable-louvered-pergola-white-frame-wood-grain-blades.jpg]
[cdn.davisawning.com/products/retractable-louvered-pergola-all-wood-grain-color.jpg]
[cdn.davisawning.com/products/retractable-louvered-pergola-all-white-color.jpg]
[cdn.davisawning.com/products/retractable-louvered-pergola-all-black-color.jpg]
[cdn.davisawning.com/products/retractable-louvered-pergola-case-1.jpg]
[cdn.davisawning.com/products/retractable-louvered-pergola-case-2.jpg]
[cdn.davisawning.com/products/retractable-louvered-pergola-case-3.jpg]
[cdn.davisawning.com/products/retractable-louvered-pergola-case-4.jpg]
[davisawning.com/retractable-louvered-pergola/index.html]
[cdn.davisawning.com/products/fabric-roof-blind-icon-1.jpg]
[cdn.davisawning.com/products/fabric-roof-blind-icon-2.jpg]
[cdn.davisawning.com/products/fabric-roof-blind-icon-3.jpg]
[cdn.davisawning.com/products/fabric-roof-blind-icon-4.jpg]
[cdn.davisawning.com/products/fabric-roof-blind-icon-5.jpg]
[cdn.davisawning.com/products/fabric-roof-blind-internal-structure.jpg]
[cdn.davisawning.com/products/fabric-roof-blind-top-cover.jpg]
[cdn.davisawning.com/products/fabric-roof-blind-bottom-cover.jpg]
[cdn.davisawning.com/products/fabric-roof-blind-side-panel.jpg]
[cdn.davisawning.com/products/fabric-roof-blind-front-tube.jpg]
[cdn.davisawning.com/products/fabric-roof-blind-guide-rail-end.jpg]
[cdn.davisawning.com/products/fabric-roof-blind-spring.jpg]
[cdn.davisawning.com/products/fabric-roof-blind-motor.jpg]
[cdn.davisawning.com/products/fabric-roof-blind-hanging-wheel.jpg]
[cdn.davisawning.com/products/fabric-roof-blind-cord-reel.jpg]
[cdn.davisawning.com/products/fabric-roof-blind-fastening-component.jpg]
[cdn.davisawning.com/products/fabric-roof-blind-moving-assembly.jpg]
[cdn.davisawning.com/products/fabric-roof-blind-mounting-bracket.jpg]
[cdn.davisawning.com/products/fabric-roof-blind-specifiations.jpg]
[cdn.davisawning.com/products/fabric-roof-blind-top-and-bottom-covers.jpg]
[cdn.davisawning.com/products/fabric-roof-blind-small-crossbar.jpg]
[cdn.davisawning.com/products/fabric-roof-blind-guide-rail.jpg]
[cdn.davisawning.com/products/fabric-roof-blind-adjustable-flat-installation.jpg]
[cdn.davisawning.com/products/fabric-roof-blind-flat-installation.jpg]
[cdn.davisawning.com/products/fabric-roof-blind-hanging-installation.jpg]
[cdn.davisawning.com/products/fabric-roof-blind-retractable-state-1.jpg]
[cdn.davisawning.com/products/fabric-roof-blind-retractable-state-2.jpg]
[cdn.davisawning.com/products/fabric-roof-blind-case-1.jpg]
[cdn.davisawning.com/products/fabric-roof-blind-case-2.jpg]
[cdn.davisawning.com/products/fabric-roof-blind-case-3.jpg]
[cdn.davisawning.com/products/fabric-roof-blind-case-4.jpg]
[cdn.davisawning.com/products/fabric-roof-blind-case-5.jpg]
[cdn.davisawning.com/products/fabric-roof-blind-case-6.jpg]
[cdn.davisawning.com/products/fabric-roof-blind-case-7.jpg]
[cdn.davisawning.com/products/fabric-roof-blind-case-8.jpg]
[cdn.davisawning.com/products/fabric-roof-blind-case-9.jpg]
[cdn.davisawning.com/products/fabric-roof-blind-case-10.jpg]
[cdn.davisawning.com/products/fabric-roof-blind-case-11.jpg]
[cdn.davisawning.com/products/fabric-roof-blind-case-12.jpg]
[cdn.davisawning.com/products/fabric-roof-blind-case-13.jpg]
[cdn.davisawning.com/products/fabric-roof-blind-case-14.jpg]
[cdn.davisawning.com/products/fabric-roof-blind-case-15.jpg]
[cdn.davisawning.com/products/fabric-roof-blind-case-16.jpg]
[cdn.davisawning.com/products/fabric-roof-blind-case-17.jpg]
[cdn.davisawning.com/products/fabric-roof-blind-case-18.jpg]
[cdn.davisawning.com/products/fabric-roof-blind-case-19.jpg]
[cdn.davisawning.com/products/fabric-roof-blind-case-20.jpg]
[cdn.davisawning.com/products/fabric-roof-blind-case-21.jpg]
[cdn.davisawning.com/products/fabric-roof-blind-case-22.jpg]
[cdn.davisawning.com/products/fabric-roof-blind-case-23.jpg]
[cdn.davisawning.com/products/fabric-roof-blind-case-24.jpg]
[davisawning.com/fabric-roof-blind/index.html]
[cdn.davisawning.com/products/aluminum-alloy-roof-roller-shutters-icon-1.jpg]
[cdn.davisawning.com/products/aluminum-alloy-roof-roller-shutters-icon-2.jpg]
[cdn.davisawning.com/products/aluminum-alloy-roof-roller-shutters-icon-3.jpg]
[cdn.davisawning.com/products/aluminum-alloy-roof-roller-shutters-icon-4.jpg]
[cdn.davisawning.com/products/aluminum-alloy-roof-roller-shutters-icon-5.jpg]
[cdn.davisawning.com/products/aluminum-alloy-roof-roller-shutters-m1-style.jpg]
[cdn.davisawning.com/products/aluminum-alloy-roof-roller-shutters-m3-style.jpg]
[cdn.davisawning.com/products/aluminum-alloy-roof-roller-shutters-introduction.jpg]
[cdn.davisawning.com/products/aluminum-alloy-roof-roller-shutters-100-sunshade.png]
[cdn.davisawning.com/products/aluminum-alloy-roof-roller-shutters-95-insulation.png]
[cdn.davisawning.com/products/aluminum-alloy-roof-roller-shutters-anti-frost.png]
[cdn.davisawning.com/products/aluminum-alloy-roof-roller-shutters-blade-retraction.jpg]
[cdn.davisawning.com/products/aluminum-alloy-roof-roller-shutters-blade-extension.jpg]
[cdn.davisawning.com/products/aluminum-alloy-roof-roller-shutters-structure.jpg]
[cdn.davisawning.com/products/aluminum-alloy-roof-roller-shutters-55-series-full-blackout-blades.png]
[cdn.davisawning.com/products/aluminum-alloy-roof-roller-shutters-38-series-starry-sky-blades.png]
[cdn.davisawning.com/products/aluminum-alloy-roof-roller-shutters-35-series-starry-sky-blades.png]
[cdn.davisawning.com/products/beeley.png]
[cdn.davisawning.com/products/aluminum-alloy-roof-roller-shutters-machine-motor.jpg]
[cdn.davisawning.com/products/aluminum-alloy-roof-roller-shutters-control-box.jpg]
[cdn.davisawning.com/products/aluminum-alloy-roof-roller-shutters-remote-control.jpg]
[cdn.davisawning.com/products/aluminum-alloy-roof-roller-shutters-case-1.jpg]
[cdn.davisawning.com/products/aluminum-alloy-roof-roller-shutters-case-2.jpg]
[cdn.davisawning.com/products/aluminum-alloy-roof-roller-shutters-case-3.jpg]
[cdn.davisawning.com/products/aluminum-alloy-roof-roller-shutters-case-4.jpg]
[cdn.davisawning.com/products/aluminum-alloy-roof-roller-shutters-case-5.jpg]
[cdn.davisawning.com/products/aluminum-alloy-roof-roller-shutters-case-6.jpg]
[cdn.davisawning.com/products/aluminum-alloy-roof-roller-shutters-case-7.jpg]
[cdn.davisawning.com/products/aluminum-alloy-roof-roller-shutters-case-8.jpg]
[davisawning.com/aluminum-alloy-roof-roller-shutters/index.html]
[cdn.davisawning.com/products/standard-garden-dome-igloo-icon-1.jpg]
[cdn.davisawning.com/products/standard-garden-dome-igloo-icon-2.jpg]
[cdn.davisawning.com/products/standard-garden-dome-igloo-icon-3.jpg]
[cdn.davisawning.com/products/standard-garden-dome-igloo-icon-4.jpg]
[cdn.davisawning.com/products/standard-garden-dome-igloo-icon-5.jpg]
[cdn.davisawning.com/products/standard-garden-dome-igloo-yd240.jpg]
[cdn.davisawning.com/products/standard-garden-dome-igloo-yd240-size-1.png]
[cdn.davisawning.com/products/standard-garden-dome-igloo-yd240-size-2.png]
[cdn.davisawning.com/products/standard-garden-dome-igloo-yd240-size-3.png]
[cdn.davisawning.com/products/standard-garden-dome-igloo-yd240-size-4.png]
[cdn.davisawning.com/products/standard-garden-dome-igloo-icon-6.jpg]
[cdn.davisawning.com/products/standard-garden-dome-igloo-icon-7.png]
[cdn.davisawning.com/products/standard-garden-dome-igloo-icon-8.png]
[cdn.davisawning.com/products/standard-garden-dome-igloo-icon-9.png]
[cdn.davisawning.com/products/standard-garden-dome-igloo-icon-10.png]
[cdn.davisawning.com/products/standard-garden-dome-igloo-icon-11.png]
[cdn.davisawning.com/products/standard-garden-dome-igloo-icon-12.png]
[cdn.davisawning.com/products/standard-garden-dome-igloo-icon-13.png]
[cdn.davisawning.com/products/standard-garden-dome-igloo-yd360.jpg]
[cdn.davisawning.com/products/standard-garden-dome-igloo-yd360-size-1.png]
[cdn.davisawning.com/products/standard-garden-dome-igloo-yd360-size-2.png]
[cdn.davisawning.com/products/standard-garden-dome-igloo-yd360-size-3.png]
[cdn.davisawning.com/products/standard-garden-dome-igloo-yd360-size-4.png]
[cdn.davisawning.com/products/standard-garden-dome-igloo-yd425.jpg]
[cdn.davisawning.com/products/standard-garden-dome-igloo-yd425-size-1.png]
[cdn.davisawning.com/products/standard-garden-dome-igloo-yd425-size-2.png]
[cdn.davisawning.com/products/standard-garden-dome-igloo-yd425-size-3.png]
[cdn.davisawning.com/products/standard-garden-dome-igloo-yd425-size-4.png]
[cdn.davisawning.com/products/standard-garden-dome-igloo-yd485.jpg]
[cdn.davisawning.com/products/standard-garden-dome-igloo-yd485-size-1.png]
[cdn.davisawning.com/products/standard-garden-dome-igloo-yd485-size-2.png]
[cdn.davisawning.com/products/standard-garden-dome-igloo-yd485-size-3.png]
[cdn.davisawning.com/products/standard-garden-dome-igloo-yd485-size-4.png]
[cdn.davisawning.com/products/standard-garden-dome-igloo-yd585.jpg]
[cdn.davisawning.com/products/standard-garden-dome-igloo-yd585-size-1.png]
[cdn.davisawning.com/products/standard-garden-dome-igloo-yd585-size-2.png]
[cdn.davisawning.com/products/standard-garden-dome-igloo-yd585-size-3.png]
[cdn.davisawning.com/products/standard-garden-dome-igloo-yd585-size-4.png]
[cdn.davisawning.com/products/standard-garden-dome-igloo-star-chamber-dome-igloo.jpg]
[cdn.davisawning.com/products/standard-garden-dome-igloo-star-chamber-dome-igloo-1.jpg]
[cdn.davisawning.com/products/standard-garden-dome-igloo-star-chamber-dome-igloo-2.jpg]
[cdn.davisawning.com/products/standard-garden-dome-igloo-product-details.jpg]
[cdn.davisawning.com/products/standard-garden-dome-igloo-aluminum-packaging.jpg]
[cdn.davisawning.com/products/standard-garden-dome-igloo-aluminum-alloy-door-packaging.jpg]
[cdn.davisawning.com/products/standard-garden-dome-igloo-aluminum-alloy-window-packaging.jpg]
[cdn.davisawning.com/products/standard-garden-dome-igloo-pc-board-packaging.jpg]
[cdn.davisawning.com/products/standard-garden-dome-igloo-wooden-case-expor-packaging.jpg]
[cdn.davisawning.com/products/standard-garden-dome-igloo-40-inch-container-loading.jpg]
[cdn.davisawning.com/products/standard-garden-dome-igloo-installation-brief-1.jpg]
[cdn.davisawning.com/products/standard-garden-dome-igloo-installation-brief-2.jpg]
[cdn.davisawning.com/products/standard-garden-dome-igloo-installation-brief-3.jpg]
[cdn.davisawning.com/products/standard-garden-dome-igloo-installation-brief-4.jpg]
[cdn.davisawning.com/products/standard-garden-dome-igloo-case-1.jpg]
[cdn.davisawning.com/products/standard-garden-dome-igloo-case-2.jpg]
[cdn.davisawning.com/products/standard-garden-dome-igloo-case-3.jpg]
[cdn.davisawning.com/products/standard-garden-dome-igloo-case-4.jpg]
[cdn.davisawning.com/products/standard-garden-dome-igloo-case-5.jpg]
[cdn.davisawning.com/products/standard-garden-dome-igloo-case-6.jpg]
[cdn.davisawning.com/products/standard-garden-dome-igloo-case-7.jpg]
[cdn.davisawning.com/products/standard-garden-dome-igloo-case-8.jpg]
[cdn.davisawning.com/products/standard-garden-dome-igloo-case-9.jpg]
[cdn.davisawning.com/products/standard-garden-dome-igloo-case-10.jpg]
[cdn.davisawning.com/products/standard-garden-dome-igloo-case-11.jpg]
[cdn.davisawning.com/products/standard-garden-dome-igloo-case-12.jpg]
[cdn.davisawning.com/products/standard-garden-dome-igloo-case-13.jpg]
[cdn.davisawning.com/products/standard-garden-dome-igloo-case-14.jpg]
[cdn.davisawning.com/products/standard-garden-dome-igloo-case-15.jpg]
[cdn.davisawning.com/products/standard-garden-dome-igloo-case-16.jpg]
[davisawning.com/standard-garden-dome-igloo/index.html]
[cdn.davisawning.com/products/luxury-garden-dome-igloo-icon-1.jpg]
[cdn.davisawning.com/products/luxury-garden-dome-igloo-icon-2.jpg]
[cdn.davisawning.com/products/luxury-garden-dome-igloo-icon-3.jpg]
[cdn.davisawning.com/products/luxury-garden-dome-igloo-icon-4.jpg]
[cdn.davisawning.com/products/luxury-garden-dome-igloo-icon-5.jpg]
[cdn.davisawning.com/products/luxury-garden-dome-igloo-h-45.jpg]
[cdn.davisawning.com/products/luxury-garden-dome-igloo-h-45-size-1.png]
[cdn.davisawning.com/products/luxury-garden-dome-igloo-h-45-size-2.png]
[cdn.davisawning.com/products/luxury-garden-dome-igloo-h-45-size-3.png]
[cdn.davisawning.com/products/luxury-garden-dome-igloo-h-3500.jpg]
[cdn.davisawning.com/products/luxury-garden-dome-igloo-h-3500-size-1.png]
[cdn.davisawning.com/products/luxury-garden-dome-igloo-h-3500-size-2.png]
[cdn.davisawning.com/products/luxury-garden-dome-igloo-h-3500-size-3.png]
[cdn.davisawning.com/products/luxury-garden-dome-igloo-h-3550.jpg]
[cdn.davisawning.com/products/luxury-garden-dome-igloo-h-3550-size-1.png]
[cdn.davisawning.com/products/luxury-garden-dome-igloo-h-3550-size-2.png]
[cdn.davisawning.com/products/luxury-garden-dome-igloo-h-3550-size-3.png]
[cdn.davisawning.com/products/luxury-garden-dome-igloo-h-4500.jpg]
[cdn.davisawning.com/products/luxury-garden-dome-igloo-h-4500-size-1.png]
[cdn.davisawning.com/products/luxury-garden-dome-igloo-h-4500-size-2.png]
[cdn.davisawning.com/products/luxury-garden-dome-igloo-h-4500-size-3.png]
[cdn.davisawning.com/products/luxury-garden-dome-igloo-h-4560.jpg]
[cdn.davisawning.com/products/luxury-garden-dome-igloo-h-4560-size-1.png]
[cdn.davisawning.com/products/luxury-garden-dome-igloo-h-4560-size-2.png]
[cdn.davisawning.com/products/luxury-garden-dome-igloo-h-4560-size-3.png]
[cdn.davisawning.com/products/luxury-garden-dome-igloo-case-1.jpg]
[cdn.davisawning.com/products/luxury-garden-dome-igloo-case-2.jpg]
[cdn.davisawning.com/products/luxury-garden-dome-igloo-case-3.jpg]
[cdn.davisawning.com/products/luxury-garden-dome-igloo-case-4.jpg]
[cdn.davisawning.com/products/luxury-garden-dome-igloo-case-5.jpg]
[cdn.davisawning.com/products/luxury-garden-dome-igloo-case-6.jpg]
[cdn.davisawning.com/products/luxury-garden-dome-igloo-case-7.jpg]
[cdn.davisawning.com/products/luxury-garden-dome-igloo-case-8.jpg]
[cdn.davisawning.com/products/luxury-garden-dome-igloo-case-9.jpg]
[cdn.davisawning.com/products/luxury-garden-dome-igloo-case-10.jpg]
[cdn.davisawning.com/products/luxury-garden-dome-igloo-case-11.jpg]
[cdn.davisawning.com/products/luxury-garden-dome-igloo-case-12.jpg]
[cdn.davisawning.com/products/luxury-garden-dome-igloo-case-13.jpg]
[cdn.davisawning.com/products/luxury-garden-dome-igloo-case-14.jpg]
[cdn.davisawning.com/products/luxury-garden-dome-igloo-case-15.jpg]
[cdn.davisawning.com/products/luxury-garden-dome-igloo-case-16.jpg]
[davisawning.com/luxury-garden-dome-igloo/index.html]
[cdn.davisawning.com/products/standard-garden-dome-igloo-icon-6.html]
